// Jest Snapshot v1, https://goo.gl/fbAQLP

exports[`Pagination htmlStructure html snapshot matches 1`] = `<div class="page"></div>`;
